2026-08-31T23:37:19+00:00 INFO    [event=application.started] IPTV-API 版本: 3.0.0 (构建时间: 2026-08-07 11:45:59)
2026-08-31T23:37:19+00:00 INFO    [phase=prepare event=network.ipv6.checking] 🛜 正在检查当前网络是否支持IPv6...
2026-08-31T23:37:20+00:00 WARNING [phase=prepare event=network.ipv6.unsupported] 当前网络不支持IPv6，别担心，IPv6的结果会被保存下来
2026-08-31T23:37:20+00:00 INFO    [run=512145c5e8154b02a885f0b85e1889a0 phase=prepare event=run.started] 性能模式: auto → balance，可用资源: 4.0 CPU / 15.61 GB，并发: 测速 8、媒体探测 2、源抓取 8
2026-08-31T23:37:20+00:00 INFO    [run=512145c5e8154b02a885f0b85e1889a0 phase=prepare event=channels.catalog_loaded] 频道目录已加载：白名单 0，黑名单 2，台标 21
2026-08-31T23:37:20+00:00 INFO    [run=512145c5e8154b02a885f0b85e1889a0 phase=fetch event=sources.subscribe.summary] 订阅源数量：2，订阅白名单数量：0，停用地址数量：0，有效总数量：2
2026-08-31T23:37:20+00:00 INFO    [run=512145c5e8154b02a885f0b85e1889a0 phase=fetch event=progress.started] 正在进行获取订阅源  0/2
2026-08-31T23:37:20+00:00 INFO    [run=512145c5e8154b02a885f0b85e1889a0 phase=fetch event=sources.epg.summary] EPG源数量：1，EPG白名单数量：0，停用地址数量：0，有效总数量：1
2026-08-31T23:37:20+00:00 INFO    [run=512145c5e8154b02a885f0b85e1889a0 phase=fetch event=progress.started] 正在进行获取EPG源  0/1
2026-08-31T23:37:21+00:00 INFO    [run=512145c5e8154b02a885f0b85e1889a0 phase=fetch event=epg.source_parsed] EPG 源解析完成：http://e.erw.cc/e.xml.gz，保留节目 2399 条
2026-08-31T23:37:21+00:00 INFO    [run=512145c5e8154b02a885f0b85e1889a0 phase=fetch event=progress.updated] 正在进行获取EPG源  1/1 (100%)  剩余 0
2026-08-31T23:37:21+00:00 INFO    [run=512145c5e8154b02a885f0b85e1889a0 phase=fetch event=sources.epg.finished] EPG源: ✅ 有效地址数量：1，⛔ 停用地址数量：0
2026-08-31T23:37:21+00:00 INFO    [run=512145c5e8154b02a885f0b85e1889a0 phase=fetch event=progress.finished] 正在进行获取EPG源  1/1  匹配 63 个频道
2026-08-31T23:37:21+00:00 INFO    [run=512145c5e8154b02a885f0b85e1889a0 phase=fetch event=progress.updated] 正在进行获取订阅源  1/2 (50%)  剩余 1
2026-08-31T23:37:21+00:00 INFO    [run=512145c5e8154b02a885f0b85e1889a0 phase=fetch event=progress.updated] 正在进行获取订阅源  2/2 (100%)  剩余 0
2026-08-31T23:37:21+00:00 INFO    [run=512145c5e8154b02a885f0b85e1889a0 phase=fetch event=sources.subscribe.finished] 订阅源: ✅ 有效地址数量：2，⛔ 停用地址数量：0
2026-08-31T23:37:21+00:00 INFO    [run=512145c5e8154b02a885f0b85e1889a0 phase=fetch event=progress.finished] 正在进行获取订阅源  2/2  未匹配 1318
2026-08-31T23:37:44+00:00 INFO    [run=512145c5e8154b02a885f0b85e1889a0 phase=aggregate event=channels.aggregated] 频道数据聚合完成：72 个频道，428 个接口（IPv4 315 / IPv6 113）
2026-08-31T23:37:44+00:00 INFO    [run=512145c5e8154b02a885f0b85e1889a0 phase=speed_test event=speed_test.planned] 总接口数量: 410, 需要进行测速的接口数量: 303
2026-08-31T23:37:44+00:00 INFO    [run=512145c5e8154b02a885f0b85e1889a0 phase=speed_test event=progress.started] 测速  0/303
2026-08-31T23:37:45+00:00 INFO    [run=512145c5e8154b02a885f0b85e1889a0 phase=speed_test event=progress.updated] 测速  1/303 (0%)  有效 1  失败 0  CCTV-1
2026-08-31T23:37:52+00:00 INFO    [run=512145c5e8154b02a885f0b85e1889a0 phase=speed_test event=progress.updated] 测速  31/303 (10%)  有效 22  失败 9  CCTV-5
2026-08-31T23:38:03+00:00 INFO    [run=512145c5e8154b02a885f0b85e1889a0 phase=speed_test event=progress.updated] 测速  61/303 (20%)  有效 43  失败 18  CCTV-10
2026-08-31T23:38:10+00:00 INFO    [run=512145c5e8154b02a885f0b85e1889a0 phase=speed_test event=progress.updated] 测速  91/303 (30%)  有效 60  失败 31  CCTV-15
2026-08-31T23:38:18+00:00 INFO    [run=512145c5e8154b02a885f0b85e1889a0 phase=speed_test event=progress.updated] 测速  122/303 (40%)  有效 78  失败 44  浙江卫视
2026-08-31T23:38:30+00:00 INFO    [run=512145c5e8154b02a885f0b85e1889a0 phase=speed_test event=progress.updated] 测速  152/303 (50%)  有效 96  失败 56  安徽卫视
2026-08-31T23:38:44+00:00 INFO    [run=512145c5e8154b02a885f0b85e1889a0 phase=speed_test event=progress.updated] 测速  182/303 (60%)  有效 111  失败 71  贵州卫视
2026-08-31T23:38:54+00:00 INFO    [run=512145c5e8154b02a885f0b85e1889a0 phase=speed_test event=progress.updated] 测速  213/303 (70%)  有效 130  失败 83  辽宁卫视
2026-08-31T23:39:04+00:00 INFO    [run=512145c5e8154b02a885f0b85e1889a0 phase=speed_test event=progress.updated] 测速  243/303 (80%)  有效 149  失败 94  山西卫视
2026-08-31T23:39:12+00:00 INFO    [run=512145c5e8154b02a885f0b85e1889a0 phase=speed_test event=progress.updated] 测速  273/303 (90%)  有效 167  失败 106  新疆卫视
2026-08-31T23:39:28+00:00 INFO    [run=512145c5e8154b02a885f0b85e1889a0 phase=speed_test event=progress.updated] 测速  303/303 (100%)  有效 192  失败 111  广州综合
2026-08-31T23:39:28+00:00 INFO    [run=512145c5e8154b02a885f0b85e1889a0 phase=speed_test event=speed_test.artifacts_written] 测速明细已写入 output/log/speed_test.log，有效结果已写入 output/log/result.log
2026-08-31T23:39:28+00:00 INFO    [run=512145c5e8154b02a885f0b85e1889a0 phase=speed_test event=progress.finished] 测速  303/303  有效 192  失败 111
2026-08-31T23:39:28+00:00 INFO    [run=512145c5e8154b02a885f0b85e1889a0 phase=output event=output.written] 结果文件生成完成：更新 3 个文件
2026-08-31T23:39:28+00:00 INFO    [run=512145c5e8154b02a885f0b85e1889a0 phase=statistics event=statistics.finished] 频道统计完成：测试 303，有效 192
2026-08-31T23:39:29+00:00 INFO    [run=512145c5e8154b02a885f0b85e1889a0 phase=complete event=run.summary] 更新摘要
2026-08-31T23:39:29+00:00 INFO    [run=512145c5e8154b02a885f0b85e1889a0 phase=complete event=run.finished] 更新完成！总耗时：02:08
