分类: 📺央视频道, 名称: CCTV-1, 有效: 5, IPv4: 6, IPv6: 0, 最小延迟: 25 ms, 最高速率: 24.55 MiB/s, 平均速率: 11.18 MiB/s, 最高分辨率: 1280x720, 平均帧率: 32.0, 视频编解码器: h264, 音频编解码器: aac
分类: 📺央视频道, 名称: CCTV-2, 有效: 5, IPv4: 6, IPv6: 0, 最小延迟: 26 ms, 最高速率: 40.51 MiB/s, 平均速率: 17.78 MiB/s, 最高分辨率: 1280x720, 平均帧率: 25.0, 视频编解码器: h264, 音频编解码器: aac
分类: 📺央视频道, 名称: CCTV-3, 有效: 4, IPv4: 6, IPv6: 0, 最小延迟: 39 ms, 最高速率: 11.95 MiB/s, 平均速率: 8.55 MiB/s, 最高分辨率: 1920x1080, 平均帧率: 25.0, 视频编解码器: h264, 音频编解码器: aac
分类: 📺央视频道, 名称: CCTV-4, 有效: 5, IPv4: 6, IPv6: 0, 最小延迟: 27 ms, 最高速率: 15.82 MiB/s, 平均速率: 4.59 MiB/s, 最高分辨率: 1280x720, 平均帧率: 32.0, 视频编解码器: h264, 音频编解码器: aac
分类: 📺央视频道, 名称: CCTV-5, 有效: 4, IPv4: 7, IPv6: 0, 最小延迟: 27 ms, 最高速率: 35.12 MiB/s, 平均速率: 10.68 MiB/s, 最高分辨率: 1920x1080, 平均帧率: 25.0, 视频编解码器: h264, 音频编解码器: aac
分类: 📺央视频道, 名称: CCTV-5+, 有效: 0, IPv4: 5, IPv6: 0, 最小延迟: 43 ms, 最高速率: 0.18 MiB/s, 平均速率: 0.00 MiB/s, 最高分辨率: —, 平均帧率: 未知, 视频编解码器: 未知, 音频编解码器: 未知
分类: 📺央视频道, 名称: CCTV-6, 有效: 5, IPv4: 6, IPv6: 0, 最小延迟: 25 ms, 最高速率: 15.39 MiB/s, 平均速率: 6.78 MiB/s, 最高分辨率: 1280x720, 平均帧率: 25.0, 视频编解码器: h264, 音频编解码器: aac
分类: 📺央视频道, 名称: CCTV-7, 有效: 5, IPv4: 6, IPv6: 0, 最小延迟: 25 ms, 最高速率: 11.50 MiB/s, 平均速率: 6.93 MiB/s, 最高分辨率: 1920x1080, 平均帧率: 25.0, 视频编解码器: h264, 音频编解码器: aac
分类: 📺央视频道, 名称: CCTV-8, 有效: 5, IPv4: 6, IPv6: 0, 最小延迟: 25 ms, 最高速率: 14.66 MiB/s, 平均速率: 10.77 MiB/s, 最高分辨率: 1920x1080, 平均帧率: 25.0, 视频编解码器: h264, 音频编解码器: aac
分类: 📺央视频道, 名称: CCTV-9, 有效: 4, IPv4: 6, IPv6: 0, 最小延迟: 38 ms, 最高速率: 24.93 MiB/s, 平均速率: 10.87 MiB/s, 最高分辨率: 1920x1080, 平均帧率: 25.0, 视频编解码器: h264, 音频编解码器: aac
分类: 📺央视频道, 名称: CCTV-10, 有效: 5, IPv4: 6, IPv6: 0, 最小延迟: 26 ms, 最高速率: 19.35 MiB/s, 平均速率: 7.44 MiB/s, 最高分辨率: 1920x1080, 平均帧率: 25.0, 视频编解码器: h264, 音频编解码器: aac
分类: 📺央视频道, 名称: CCTV-11, 有效: 3, IPv4: 6, IPv6: 0, 最小延迟: 25 ms, 最高速率: 27.10 MiB/s, 平均速率: 11.57 MiB/s, 最高分辨率: 1920x1080, 平均帧率: 25.0, 视频编解码器: h264, 音频编解码器: aac
分类: 📺央视频道, 名称: CCTV-12, 有效: 3, IPv4: 6, IPv6: 0, 最小延迟: 26 ms, 最高速率: 19.71 MiB/s, 平均速率: 8.28 MiB/s, 最高分辨率: 1920x1080, 平均帧率: 32.0, 视频编解码器: h264, 音频编解码器: aac
分类: 📺央视频道, 名称: CCTV-13, 有效: 3, IPv4: 6, IPv6: 0, 最小延迟: 25 ms, 最高速率: 29.66 MiB/s, 平均速率: 17.31 MiB/s, 最高分辨率: 1920x1080, 平均帧率: 31.25, 视频编解码器: h264, 音频编解码器: aac
分类: 📺央视频道, 名称: CCTV-14, 有效: 4, IPv4: 6, IPv6: 0, 最小延迟: 25 ms, 最高速率: 21.07 MiB/s, 平均速率: 15.01 MiB/s, 最高分辨率: 1920x1080, 平均帧率: 25.0, 视频编解码器: h264, 音频编解码器: aac
分类: 📺央视频道, 名称: CCTV-15, 有效: 5, IPv4: 6, IPv6: 0, 最小延迟: 25 ms, 最高速率: 24.40 MiB/s, 平均速率: 17.54 MiB/s, 最高分辨率: 1920x1080, 平均帧率: 25.0, 视频编解码器: h264, 音频编解码器: aac
分类: 📺央视频道, 名称: CCTV-16, 有效: 1, IPv4: 4, IPv6: 0, 最小延迟: 39 ms, 最高速率: 8.10 MiB/s, 平均速率: 8.10 MiB/s, 最高分辨率: 1920x1080, 平均帧率: 25.0, 视频编解码器: h264, 音频编解码器: aac
分类: 📺央视频道, 名称: CCTV-17, 有效: 3, IPv4: 6, IPv6: 0, 最小延迟: 37 ms, 最高速率: 17.10 MiB/s, 平均速率: 15.09 MiB/s, 最高分辨率: 1920x1080, 平均帧率: 28.33, 视频编解码器: h264, 音频编解码器: aac
分类: 📺央视频道, 名称: CETV-1, 有效: 4, IPv4: 4, IPv6: 0, 最小延迟: 37 ms, 最高速率: 12.31 MiB/s, 平均速率: 9.19 MiB/s, 最高分辨率: 1920x1080, 平均帧率: 25.0, 视频编解码器: h264, 音频编解码器: aac
分类: 📺央视频道, 名称: CETV-3, 有效: 1, IPv4: 2, IPv6: 0, 最小延迟: 37 ms, 最高速率: 8.12 MiB/s, 平均速率: 0.22 MiB/s, 最高分辨率: 1280x720, 平均帧率: 25.0, 视频编解码器: h264, 音频编解码器: aac
分类: 📡卫视频道, 名称: 广东卫视, 有效: 3, IPv4: 6, IPv6: 0, 最小延迟: 33 ms, 最高速率: 13.48 MiB/s, 平均速率: 10.88 MiB/s, 最高分辨率: 1920x1080, 平均帧率: 25.0, 视频编解码器: h264, 音频编解码器: aac
分类: 📡卫视频道, 名称: 浙江卫视, 有效: 2, IPv4: 6, IPv6: 0, 最小延迟: 27 ms, 最高速率: 30.34 MiB/s, 平均速率: 20.25 MiB/s, 最高分辨率: 1920x1080, 平均帧率: 25.0, 视频编解码器: h264, 音频编解码器: aac
分类: 📡卫视频道, 名称: 湖南卫视, 有效: 5, IPv4: 7, IPv6: 0, 最小延迟: 26 ms, 最高速率: 17.57 MiB/s, 平均速率: 8.58 MiB/s, 最高分辨率: 3840x2160, 平均帧率: 25.0, 视频编解码器: h264, 音频编解码器: aac
分类: 📡卫视频道, 名称: 北京卫视, 有效: 5, IPv4: 6, IPv6: 0, 最小延迟: 36 ms, 最高速率: 11.96 MiB/s, 平均速率: 7.27 MiB/s, 最高分辨率: 1920x1080, 平均帧率: 30.0, 视频编解码器: h264, 音频编解码器: aac
分类: 📡卫视频道, 名称: 湖北卫视, 有效: 2, IPv4: 4, IPv6: 0, 最小延迟: 26 ms, 最高速率: 35.21 MiB/s, 平均速率: 23.54 MiB/s, 最高分辨率: 1920x1080, 平均帧率: 33.33, 视频编解码器: h264, 音频编解码器: aac
分类: 📡卫视频道, 名称: 黑龙江卫视, 有效: 2, IPv4: 6, IPv6: 0, 最小延迟: 27 ms, 最高速率: 29.87 MiB/s, 平均速率: 20.34 MiB/s, 最高分辨率: 1920x1080, 平均帧率: 30.0, 视频编解码器: h264, 音频编解码器: aac
分类: 📡卫视频道, 名称: 安徽卫视, 有效: 3, IPv4: 6, IPv6: 0, 最小延迟: 26 ms, 最高速率: 29.01 MiB/s, 平均速率: 15.06 MiB/s, 最高分辨率: 1920x1080, 平均帧率: 25.0, 视频编解码器: h264, 音频编解码器: aac
分类: 📡卫视频道, 名称: 重庆卫视, 有效: 2, IPv4: 3, IPv6: 0, 最小延迟: 40 ms, 最高速率: 11.61 MiB/s, 平均速率: 11.54 MiB/s, 最高分辨率: 1920x1080, 平均帧率: 25.0, 视频编解码器: h264, 音频编解码器: aac
分类: 📡卫视频道, 名称: 东方卫视, 有效: 4, IPv4: 6, IPv6: 0, 最小延迟: 37 ms, 最高速率: 10.30 MiB/s, 平均速率: 6.96 MiB/s, 最高分辨率: 1920x1080, 平均帧率: 25.0, 视频编解码器: h264, 音频编解码器: aac
分类: 📡卫视频道, 名称: 东南卫视, 有效: 2, IPv4: 5, IPv6: 0, 最小延迟: 37 ms, 最高速率: 11.41 MiB/s, 平均速率: 6.03 MiB/s, 最高分辨率: 1920x1080, 平均帧率: 33.33, 视频编解码器: h264, 音频编解码器: aac
分类: 📡卫视频道, 名称: 甘肃卫视, 有效: 2, IPv4: 4, IPv6: 0, 最小延迟: 41 ms, 最高速率: 11.14 MiB/s, 平均速率: 5.68 MiB/s, 最高分辨率: 1920x1080, 平均帧率: 33.33, 视频编解码器: h264, 音频编解码器: aac
分类: 📡卫视频道, 名称: 广西卫视, 有效: 2, IPv4: 6, IPv6: 0, 最小延迟: 37 ms, 最高速率: 17.01 MiB/s, 平均速率: 14.21 MiB/s, 最高分辨率: 1920x1080, 平均帧率: 30.0, 视频编解码器: h264, 音频编解码器: aac
分类: 📡卫视频道, 名称: 贵州卫视, 有效: 5, IPv4: 6, IPv6: 0, 最小延迟: 36 ms, 最高速率: 17.77 MiB/s, 平均速率: 13.63 MiB/s, 最高分辨率: 1920x1080, 平均帧率: 26.0, 视频编解码器: h264, 音频编解码器: aac
分类: 📡卫视频道, 名称: 海南卫视, 有效: 1, IPv4: 2, IPv6: 0, 最小延迟: 423 ms, 最高速率: 0.51 MiB/s, 平均速率: 0.51 MiB/s, 最高分辨率: 1920x1080, 平均帧率: 50.0, 视频编解码器: h264, 音频编解码器: ac3
分类: 📡卫视频道, 名称: 河北卫视, 有效: 1, IPv4: 5, IPv6: 0, 最小延迟: 39 ms, 最高速率: 11.52 MiB/s, 平均速率: 11.52 MiB/s, 最高分辨率: 1920x1080, 平均帧率: 25.0, 视频编解码器: h264, 音频编解码器: aac
分类: 📡卫视频道, 名称: 河南卫视, 有效: 3, IPv4: 6, IPv6: 0, 最小延迟: 43 ms, 最高速率: 11.77 MiB/s, 平均速率: 7.86 MiB/s, 最高分辨率: 1920x1080, 平均帧率: 37.0, 视频编解码器: h264, 音频编解码器: aac
分类: 📡卫视频道, 名称: 吉林卫视, 有效: 2, IPv4: 5, IPv6: 0, 最小延迟: 37 ms, 最高速率: 19.27 MiB/s, 平均速率: 15.23 MiB/s, 最高分辨率: 1920x1080, 平均帧率: 25.0, 视频编解码器: h264, 音频编解码器: aac
分类: 📡卫视频道, 名称: 江苏卫视, 有效: 5, IPv4: 6, IPv6: 0, 最小延迟: 27 ms, 最高速率: 11.08 MiB/s, 平均速率: 6.48 MiB/s, 最高分辨率: 1920x1080, 平均帧率: 32.0, 视频编解码器: h264, 音频编解码器: aac
分类: 📡卫视频道, 名称: 江西卫视, 有效: 4, IPv4: 6, IPv6: 0, 最小延迟: 25 ms, 最高速率: 33.59 MiB/s, 平均速率: 16.32 MiB/s, 最高分辨率: 1920x1080, 平均帧率: 31.0, 视频编解码器: h264, 音频编解码器: aac
分类: 📡卫视频道, 名称: 辽宁卫视, 有效: 5, IPv4: 6, IPv6: 0, 最小延迟: 24 ms, 最高速率: 53.27 MiB/s, 平均速率: 26.42 MiB/s, 最高分辨率: 1920x1080, 平均帧率: 25.0, 视频编解码器: h264, 音频编解码器: aac
分类: 📡卫视频道, 名称: 内蒙古卫视, 有效: 5, IPv4: 6, IPv6: 0, 最小延迟: 35 ms, 最高速率: 17.34 MiB/s, 平均速率: 10.35 MiB/s, 最高分辨率: 1920x1080, 平均帧率: 27.0, 视频编解码器: h264, 音频编解码器: aac
分类: 📡卫视频道, 名称: 宁夏卫视, 有效: 4, IPv4: 5, IPv6: 0, 最小延迟: 27 ms, 最高速率: 30.05 MiB/s, 平均速率: 19.67 MiB/s, 最高分辨率: 1920x1080, 平均帧率: 28.0, 视频编解码器: h264, 音频编解码器: aac
分类: 📡卫视频道, 名称: 青海卫视, 有效: 2, IPv4: 4, IPv6: 0, 最小延迟: 40 ms, 最高速率: 8.98 MiB/s, 平均速率: 8.91 MiB/s, 最高分辨率: 1920x1080, 平均帧率: 25.0, 视频编解码器: h264, 音频编解码器: aac
分类: 📡卫视频道, 名称: 山东卫视, 有效: 2, IPv4: 6, IPv6: 0, 最小延迟: 38 ms, 最高速率: 14.98 MiB/s, 平均速率: 12.59 MiB/s, 最高分辨率: 1920x1080, 平均帧率: 25.0, 视频编解码器: h264, 音频编解码器: aac
分类: 📡卫视频道, 名称: 山西卫视, 有效: 5, IPv4: 6, IPv6: 0, 最小延迟: 27 ms, 最高速率: 17.61 MiB/s, 平均速率: 14.23 MiB/s, 最高分辨率: 1920x1080, 平均帧率: 34.0, 视频编解码器: h264, 音频编解码器: aac
分类: 📡卫视频道, 名称: 陕西卫视, 有效: 4, IPv4: 5, IPv6: 0, 最小延迟: 40 ms, 最高速率: 23.64 MiB/s, 平均速率: 14.20 MiB/s, 最高分辨率: 1920x1080, 平均帧率: 26.25, 视频编解码器: h264, 音频编解码器: aac
分类: 📡卫视频道, 名称: 四川卫视, 有效: 4, IPv4: 7, IPv6: 0, 最小延迟: 38 ms, 最高速率: 16.08 MiB/s, 平均速率: 13.43 MiB/s, 最高分辨率: 1920x1080, 平均帧率: 27.0, 视频编解码器: h264, 音频编解码器: aac
分类: 📡卫视频道, 名称: 深圳卫视, 有效: 4, IPv4: 6, IPv6: 0, 最小延迟: 37 ms, 最高速率: 11.74 MiB/s, 平均速率: 6.21 MiB/s, 最高分辨率: 1920x1080, 平均帧率: 31.25, 视频编解码器: h264, 音频编解码器: aac
分类: 📡卫视频道, 名称: 三沙卫视, 有效: 1, IPv4: 4, IPv6: 0, 最小延迟: 26 ms, 最高速率: 33.95 MiB/s, 平均速率: 6.74 MiB/s, 最高分辨率: 1280x720, 平均帧率: 33.75, 视频编解码器: h264, 音频编解码器: mp2
分类: 📡卫视频道, 名称: 天津卫视, 有效: 2, IPv4: 4, IPv6: 0, 最小延迟: 27 ms, 最高速率: 18.95 MiB/s, 平均速率: 18.56 MiB/s, 最高分辨率: 1920x1080, 平均帧率: 25.0, 视频编解码器: h264, 音频编解码器: aac
分类: 📡卫视频道, 名称: 西藏卫视, 有效: 5, IPv4: 6, IPv6: 0, 最小延迟: 27 ms, 最高速率: 34.32 MiB/s, 平均速率: 12.50 MiB/s, 最高分辨率: 1920x1080, 平均帧率: 31.0, 视频编解码器: h264, 音频编解码器: aac
分类: 📡卫视频道, 名称: 新疆卫视, 有效: 5, IPv4: 6, IPv6: 0, 最小延迟: 37 ms, 最高速率: 17.76 MiB/s, 平均速率: 9.73 MiB/s, 最高分辨率: 1920x1080, 平均帧率: 26.0, 视频编解码器: h264, 音频编解码器: aac
分类: 📡卫视频道, 名称: 云南卫视, 有效: 3, IPv4: 4, IPv6: 0, 最小延迟: 39 ms, 最高速率: 13.71 MiB/s, 平均速率: 11.77 MiB/s, 最高分辨率: 1920x1080, 平均帧率: 31.25, 视频编解码器: h264, 音频编解码器: aac
分类: ☘️广东频道, 名称: 广东珠江, 有效: 2, IPv4: 2, IPv6: 0, 最小延迟: 38 ms, 最高速率: 6.73 MiB/s, 平均速率: 5.33 MiB/s, 最高分辨率: 1280x720, 平均帧率: 25.0, 视频编解码器: h264, 音频编解码器: aac
分类: ☘️广东频道, 名称: 广东体育, 有效: 1, IPv4: 1, IPv6: 0, 最小延迟: 25 ms, 最高速率: 16.02 MiB/s, 平均速率: 16.02 MiB/s, 最高分辨率: 1280x720, 平均帧率: 25.0, 视频编解码器: h264, 音频编解码器: aac
分类: ☘️广东频道, 名称: 大湾区卫视, 有效: 4, IPv4: 5, IPv6: 0, 最小延迟: 24 ms, 最高速率: 31.24 MiB/s, 平均速率: 24.01 MiB/s, 最高分辨率: 1280x720, 平均帧率: 25.0, 视频编解码器: h264, 音频编解码器: aac
分类: ☘️广东频道, 名称: 广东新闻, 有效: 1, IPv4: 1, IPv6: 0, 最小延迟: 37 ms, 最高速率: 5.44 MiB/s, 平均速率: 5.44 MiB/s, 最高分辨率: 1280x720, 平均帧率: 25.0, 视频编解码器: h264, 音频编解码器: aac
分类: ☘️广东频道, 名称: 广东民生, 有效: 2, IPv4: 2, IPv6: 0, 最小延迟: 36 ms, 最高速率: 6.86 MiB/s, 平均速率: 6.18 MiB/s, 最高分辨率: 1280x720, 平均帧率: 25.0, 视频编解码器: h264, 音频编解码器: aac
分类: ☘️广东频道, 名称: 广州综合, 有效: 2, IPv4: 4, IPv6: 0, 最小延迟: 306 ms, 最高速率: 0.77 MiB/s, 平均速率: 0.73 MiB/s, 最高分辨率: 1280x720, 平均帧率: 25.0, 视频编解码器: h264, 音频编解码器: aac
